Expenses Thu Jan 01 01:00:00 CET 1970
John Doe
Meal expenses: 0
Total expenses: 0
